Hello, World!
123
123.456000
true
false
3.142000
a